// Jest Snapshot v1, https://goo.gl/fbAQLP

exports[`Test of application component should show "loading..." if user is undefined 1`] = `
<div>
  Loading...
</div>
`;
